// Jest Snapshot v1, https://goo.gl/fbAQLP

exports[`renders button correctly 1`] = `
<button
  className="white"
  data-name="0"
  type="button"
>
  0
</button>
`;
